// Jest Snapshot v1, https://goo.gl/fbAQLP

exports[`Cacao Cacao block 1`] = `
Object {
  "bytes": Uint8Array [
    113,
    34,
    18,
    32,
    42,
    10,
    248,
    62,
    76,
    195,
    106,
    54,
    154,
    29,
    228,
    101,
    103,
    119,
    78,
    93,
    230,
    144,
    185,
    117,
    79,
    182,
    145,
    216,
    75,
    72,
    170,
    10,
    104,
    199,
    173,
    81,
  ],
  "cacao": Object {
    "h": Object {
      "t": "eip4361-eip191",
    },
    "p": Object {
      "aud": "https://service.org/login",
      "chainId": 1,
      "domain": "service.org",
      "iat": 1633019124000,
      "iss": "0xBd9D9c7DC389715a89fC8149E4a5Be91336B2796",
      "nonce": "32891757",
      "resources": Array [
        "ipfs://Qme7ss3ARVgxv6rXqVPiikMJ8u2NLgmgszg13pYrDKEoiu",
        "https://example.com/my-web2-claim.json",
      ],
      "statement": "I accept the ServiceOrg Terms of Service: https://service.org/tos",
      "version": "1",
    },
    "s": Object {
      "s": "0xb258ab0716ebd6e9f137b5b641d94591967c96d8eebe766b7302cf707ea1f12d6c460a653051a354ddd0a2e965b2eaacd352c0b6328cd2424b39668003ba6c1b1c",
    },
  },
  "cid": Object {
    "code": 113,
    "hash": Uint8Array [
      113,
      34,
      18,
      32,
      42,
      10,
      248,
      62,
      76,
      195,
      106,
      54,
      154,
      29,
      228,
      101,
      103,
      119,
      78,
      93,
      230,
      144,
      185,
      117,
      79,
      182,
      145,
      216,
      75,
      72,
      170,
      10,
      104,
      199,
      173,
      81,
    ],
    "version": 1,
  },
}
`;
