// Jest Snapshot v1, https://goo.gl/fbAQLP

exports[`Cacao Cacao block 1`] = `
Object {
  "bytes": Uint8Array [
    113,
    34,
    18,
    32,
    222,
    67,
    231,
    240,
    50,
    67,
    121,
    215,
    14,
    102,
    166,
    151,
    156,
    46,
    19,
    80,
    160,
    250,
    230,
    18,
    10,
    62,
    141,
    77,
    74,
    84,
    100,
    142,
    179,
    164,
    11,
    237,
  ],
  "cacao": Object {
    "h": Object {
      "t": "eip4361-eip191",
    },
    "p": Object {
      "aud": "https://service.org/login",
      "chainId": 1,
      "domain": "service.org",
      "iat": 1633019124000,
      "iss": "0xc02aaa39b223fe8d0a0e5c4f27ead9083c756cc2",
      "nonce": "32891757",
      "resources": Array [
        "ipfs://Qme7ss3ARVgxv6rXqVPiikMJ8u2NLgmgszg13pYrDKEoiu",
        "https://example.com/my-web2-claim.json",
      ],
      "statement": "I accept the ServiceOrg Terms of Service: https://service.org/tos",
      "version": "1",
    },
    "s": Object {
      "s": "0xd0d9a39d96945edb33fce02cee0f7d92d23c2bcabf205008208dd4307d6b529d6bfd222382da6ecbaf76b4d32e7320caadf0aa179f52a3beb824df7281cb4f8f1c",
    },
  },
  "cid": Object {
    "code": 113,
    "hash": Uint8Array [
      113,
      34,
      18,
      32,
      222,
      67,
      231,
      240,
      50,
      67,
      121,
      215,
      14,
      102,
      166,
      151,
      156,
      46,
      19,
      80,
      160,
      250,
      230,
      18,
      10,
      62,
      141,
      77,
      74,
      84,
      100,
      142,
      179,
      164,
      11,
      237,
    ],
    "version": 1,
  },
}
`;
